// Vitest Snapshot v1, https://vitest.dev/guide/snapshot.html

exports[`simple ui component is rendered 1`] = `
<div
  class="simple-ui css-1uwnsjd"
  data-testid="uiDiv"
>
  <p
    class="css-0"
  >
    rendered successfully
  </p>
</div>
`;
